[dotenv@17.2.3] injecting env (7) from .env -- tip: ≡ƒöæ add access controls to secrets: https://dotenvx.com/ops
≡ƒöì Testing user_emails insert functionality...

Environment Variables:
- VITE_SUPABASE_URL: Γ£à Set
- VITE_SUPABASE_SERVICE_ROLE_KEY: Γ£à Set

1∩╕ÅΓâú Testing connection to user_emails table...
Γ£à Successfully connected to user_emails table
   Found 2 existing records

2∩╕ÅΓâú Testing insert into user_emails table...
node : Γ¥î Error inserting into 
user_emails table: insert or update on 
table "user_emails" violates foreign 
key constraint 
"user_emails_user_id_fkey"
At line:1 char:1
+ node test_user_emails.js > 
test_output.txt 2>&1
+ ~~~~~~~~~~~~~~~~~~~~~~~~~~~~~~~~~~~~~
~~~~~~~~~~
    + CategoryInfo          : NotSpeci 
   fied: (Γ¥î Error inser...s_user_id  
  _fkey":String) [], RemoteException
    + FullyQualifiedErrorId : NativeCo 
   mmandError
 

ΓÜá∩╕Å  Foreign key constraint error detected!
   This means the user_id must exist in auth.users table
   During real signup, this should work because the user is created first

   Code: 23503
   Details: Key (user_id)=(00000000-000
0-0000-0000-000000000000) is not 
present in table "users".
   Hint: null

4∩╕ÅΓâú Checking database trigger...
ΓÜá∩╕Å  Could not verify trigger (this is normal, requires special permissions)

5∩╕ÅΓâú Checking RLS policies...
ΓÜá∩╕Å  Could not verify RLS policies: Could not find the table 'public.pg_policies' in the schema cache

Γ£à Test complete!

